// Jest Snapshot v1, https://goo.gl/fbAQLP

exports[`CharactersTable Matches DOM Snapshot 1`] = `
<div
  className="MuiPaper-root MuiPaper-elevation MuiPaper-rounded MuiPaper-elevation1 css-1mxz8qt-MuiPaper-root"
>
  <div
    className="MuiPaper-root MuiPaper-elevation MuiPaper-rounded MuiPaper-elevation1 MuiTableContainer-root css-11xur9t-MuiPaper-root-MuiTableContainer-root"
  >
    <table
      aria-label="simple table"
      className="MuiTable-root css-quj9j6-MuiTable-root"
      role={null}
    >
      <thead
        className="MuiTableHead-root css-15wwp11-MuiTableHead-root"
        role={null}
      >
        <tr
          className="MuiTableRow-root MuiTableRow-head css-1q1u3t4-MuiTableRow-root"
          role={null}
        >
          <th
            aria-sort={null}
            className="MuiTableCell-root MuiTableCell-head MuiTableCell-alignCenter MuiTableCell-sizeMedium css-1e7p7ua-MuiTableCell-root"
            scope="col"
          >
            <span
              className="MuiButtonBase-root MuiTableSortLabel-root css-1qgma8u-MuiButtonBase-root-MuiTableSortLabel-root"
              onBlur={[Function]}
              onClick={[Function]}
              onContextMenu={[Function]}
              onDragLeave={[Function]}
              onFocus={[Function]}
              onKeyDown={[Function]}
              onKeyUp={[Function]}
              onMouseDown={[Function]}
              onMouseLeave={[Function]}
              onMouseUp={[Function]}
              onTouchEnd={[Function]}
              onTouchMove={[Function]}
              onTouchStart={[Function]}
              role="button"
              tabIndex={0}
            >
              Name
              <svg
                aria-hidden={true}
                className="MuiSvgIcon-root MuiSvgIcon-fontSizeMedium MuiTableSortLabel-icon MuiTableSortLabel-iconDirectionAsc css-1vweko9-MuiSvgIcon-root-MuiTableSortLabel-icon"
                data-testid="ArrowDownwardIcon"
                focusable="false"
                viewBox="0 0 24 24"
              >
                <path
                  d="M20 12l-1.41-1.41L13 16.17V4h-2v12.17l-5.58-5.59L4 12l8 8 8-8z"
                />
              </svg>
            </span>
          </th>
          <th
            aria-sort={null}
            className="MuiTableCell-root MuiTableCell-head MuiTableCell-alignCenter MuiTableCell-sizeMedium css-1e7p7ua-MuiTableCell-root"
            scope="col"
          >
            Number of TV Shows
          </th>
          <th
            aria-sort={null}
            className="MuiTableCell-root MuiTableCell-head MuiTableCell-alignCenter MuiTableCell-sizeMedium css-1e7p7ua-MuiTableCell-root"
            scope="col"
          >
            Number of Video Games
          </th>
          <th
            aria-sort={null}
            className="MuiTableCell-root MuiTableCell-head MuiTableCell-alignCenter MuiTableCell-sizeMedium css-1e7p7ua-MuiTableCell-root"
            scope="col"
          >
            Allies
          </th>
          <th
            aria-sort={null}
            className="MuiTableCell-root MuiTableCell-head MuiTableCell-alignCenter MuiTableCell-sizeMedium css-1e7p7ua-MuiTableCell-root"
            scope="col"
          >
            Enemies
          </th>
        </tr>
      </thead>
      <tbody
        className="MuiTableBody-root css-apqrd9-MuiTableBody-root"
        role={null}
      >
        <tr
          className="MuiTableRow-root css-1enotpu-MuiTableRow-root"
          data-testid="'Olu Mel6"
          onClick={[Function]}
          role={null}
          style={
            Object {
              "cursor": "pointer",
            }
          }
        >
          <td
            aria-sort={null}
            className="MuiTableCell-root MuiTableCell-body MuiTableCell-alignCenter MuiTableCell-sizeMedium css-1yhpg23-MuiTableCell-root"
          >
            'Olu Mel
          </td>
          <td
            aria-sort={null}
            className="MuiTableCell-root MuiTableCell-body MuiTableCell-alignCenter MuiTableCell-sizeMedium css-1yhpg23-MuiTableCell-root"
          >
            0
          </td>
          <td
            aria-sort={null}
            className="MuiTableCell-root MuiTableCell-body MuiTableCell-alignCenter MuiTableCell-sizeMedium css-1yhpg23-MuiTableCell-root"
          >
            0
          </td>
          <td
            aria-sort={null}
            className="MuiTableCell-root MuiTableCell-body MuiTableCell-alignCenter MuiTableCell-sizeMedium css-1yhpg23-MuiTableCell-root"
          >
            -
          </td>
          <td
            aria-sort={null}
            className="MuiTableCell-root MuiTableCell-body MuiTableCell-alignCenter MuiTableCell-sizeMedium css-1yhpg23-MuiTableCell-root"
          >
            -
          </td>
        </tr>
        <tr
          className="MuiTableRow-root css-1enotpu-MuiTableRow-root"
          data-testid="62710"
          onClick={[Function]}
          role={null}
          style={
            Object {
              "cursor": "pointer",
            }
          }
        >
          <td
            aria-sort={null}
            className="MuiTableCell-root MuiTableCell-body MuiTableCell-alignCenter MuiTableCell-sizeMedium css-1yhpg23-MuiTableCell-root"
          >
            627
          </td>
          <td
            aria-sort={null}
            className="MuiTableCell-root MuiTableCell-body MuiTableCell-alignCenter MuiTableCell-sizeMedium css-1yhpg23-MuiTableCell-root"
          >
            2
          </td>
          <td
            aria-sort={null}
            className="MuiTableCell-root MuiTableCell-body MuiTableCell-alignCenter MuiTableCell-sizeMedium css-1yhpg23-MuiTableCell-root"
          >
            1
          </td>
          <td
            aria-sort={null}
            className="MuiTableCell-root MuiTableCell-body MuiTableCell-alignCenter MuiTableCell-sizeMedium css-1yhpg23-MuiTableCell-root"
          >
            -
          </td>
          <td
            aria-sort={null}
            className="MuiTableCell-root MuiTableCell-body MuiTableCell-alignCenter MuiTableCell-sizeMedium css-1yhpg23-MuiTableCell-root"
          >
            -
          </td>
        </tr>
      </tbody>
    </table>
  </div>
  <td
    aria-sort={null}
    className="MuiTableCell-root MuiTableCell-sizeMedium MuiTablePagination-root css-9wcvca-MuiTableCell-root-MuiTablePagination-root"
    colSpan={1000}
  >
    <div
      className="MuiToolbar-root MuiToolbar-gutters MuiToolbar-regular MuiTablePagination-toolbar css-78c6dr-MuiToolbar-root-MuiTablePagination-toolbar"
    >
      <div
        className="MuiTablePagination-spacer css-1psng7p-MuiTablePagination-spacer"
      />
      <p
        className="MuiTablePagination-selectLabel css-pdct74-MuiTablePagination-selectLabel"
        id=":r1:"
      >
        Rows per page:
      </p>
      <div
        className="MuiInputBase-root MuiInputBase-colorPrimary css-16c50h-MuiInputBase-root-MuiTablePagination-select"
        onClick={[Function]}
      >
        <div
          aria-expanded="false"
          aria-haspopup="listbox"
          aria-labelledby=":r1: :r0:"
          className="MuiSelect-select MuiTablePagination-select MuiSelect-standard MuiInputBase-input css-194a1fa-MuiSelect-select-MuiInputBase-input"
          id=":r0:"
          onBlur={[Function]}
          onFocus={[Function]}
          onKeyDown={[Function]}
          onMouseDown={[Function]}
          role="button"
          tabIndex={0}
        >
          50
        </div>
        <input
          aria-hidden={true}
          className="MuiSelect-nativeInput css-yf8vq0-MuiSelect-nativeInput"
          onAnimationStart={[Function]}
          onChange={[Function]}
          tabIndex={-1}
          value={50}
        />
        <svg
          aria-hidden={true}
          className="MuiSvgIcon-root MuiSvgIcon-fontSizeMedium MuiSelect-icon MuiTablePagination-selectIcon MuiSelect-iconStandard css-pqjvzy-MuiSvgIcon-root-MuiSelect-icon"
          data-testid="ArrowDropDownIcon"
          focusable="false"
          viewBox="0 0 24 24"
        >
          <path
            d="M7 10l5 5 5-5z"
          />
        </svg>
      </div>
      <p
        className="MuiTablePagination-displayedRows css-levciy-MuiTablePagination-displayedRows"
      >
        1â€“50 of 7450
      </p>
      <div
        className="MuiTablePagination-actions"
      >
        <button
          aria-label="Go to previous page"
          className="MuiButtonBase-root Mui-disabled MuiIconButton-root Mui-disabled MuiIconButton-colorInherit MuiIconButton-sizeMedium css-zylse7-MuiButtonBase-root-MuiIconButton-root"
          disabled={true}
          onBlur={[Function]}
          onClick={[Function]}
          onContextMenu={[Function]}
          onDragLeave={[Function]}
          onFocus={[Function]}
          onKeyDown={[Function]}
          onKeyUp={[Function]}
          onMouseDown={[Function]}
          onMouseLeave={[Function]}
          onMouseUp={[Function]}
          onTouchEnd={[Function]}
          onTouchMove={[Function]}
          onTouchStart={[Function]}
          tabIndex={-1}
          title="Go to previous page"
          type="button"
        >
          <svg
            aria-hidden={true}
            className="MuiSvgIcon-root MuiSvgIcon-fontSizeMedium css-i4bv87-MuiSvgIcon-root"
            data-testid="KeyboardArrowLeftIcon"
            focusable="false"
            viewBox="0 0 24 24"
          >
            <path
              d="M15.41 16.09l-4.58-4.59 4.58-4.59L14 5.5l-6 6 6 6z"
            />
          </svg>
        </button>
        <button
          aria-label="Go to next page"
          className="MuiButtonBase-root MuiIconButton-root MuiIconButton-colorInherit MuiIconButton-sizeMedium css-zylse7-MuiButtonBase-root-MuiIconButton-root"
          disabled={false}
          onBlur={[Function]}
          onClick={[Function]}
          onContextMenu={[Function]}
          onDragLeave={[Function]}
          onFocus={[Function]}
          onKeyDown={[Function]}
          onKeyUp={[Function]}
          onMouseDown={[Function]}
          onMouseLeave={[Function]}
          onMouseUp={[Function]}
          onTouchEnd={[Function]}
          onTouchMove={[Function]}
          onTouchStart={[Function]}
          tabIndex={0}
          title="Go to next page"
          type="button"
        >
          <svg
            aria-hidden={true}
            className="MuiSvgIcon-root MuiSvgIcon-fontSizeMedium css-i4bv87-MuiSvgIcon-root"
            data-testid="KeyboardArrowRightIcon"
            focusable="false"
            viewBox="0 0 24 24"
          >
            <path
              d="M8.59 16.34l4.58-4.59-4.58-4.59L10 5.75l6 6-6 6z"
            />
          </svg>
        </button>
      </div>
    </div>
  </td>
</div>
`;
